Microchip MPLAB XC8 Compiler V2.40

Linker command line:

-W-3 \
  --edf=C:\Program Files\Microchip\xc8\v2.40\pic\dat\20220703182018_en.msgs \
  -cn -h+dist/default/production\Laboratorio4.X.production.sym \
  --cmf=dist/default/production\Laboratorio4.X.production.cmf -z -Q18F4550 \
  -oC:\Users\Andres\AppData\Local\Temp\xcAson0.4 \
  -Mdist/default/production/Laboratorio4.X.production.map \
  --md=C:\Users\Andres\AppData\Local\Temp\xcAson0.dat -E1 -ver=XC8 Compiler \
  -ACODE=00h-07FFFh -ACONST=00h-07FFFh -ASMALLCONST=0800h-08FFhx120 \
  -AMEDIUMCONST=0800h-07FFFh -ACOMRAM=01h-05Fh -AABS1=00h-07FFh \
  -ABIGRAM=01h-07FFh -ARAM=060h-0FFh,0100h-01FFhx7 -ABANK0=060h-0FFh \
  -ABANK1=0100h-01FFh -ABANK2=0200h-02FFh -ABANK3=0300h-03FFh \
  -ABANK4=0400h-04FFh -ABANK5=0500h-05FFh -ABANK6=0600h-06FFh \
  -ABANK7=0700h-07FFh -ASFR=0F60h-0FFFh -ABIGSFR=0F60h-0FFFh \
  -ACONFIG=0300000h-030000Dh -AIDLOC=0200000h-0200007h \
  -AEEDATA=0F00000h-0F000FFh -peeprom_data=EEDATA \
  -preset_vec=00h,intcode=08h,intcodelo,powerup,init -pramtop=0800h \
  -psmallconst=SMALLCONST -pmediumconst=MEDIUMCONST -pconst=CONST \
  -AFARRAM=00h-00h \
  -prdata=COMRAM,nvrram=COMRAM,nvbit=COMRAM,rbss=COMRAM,rbit=COMRAM \
  -pfarbss=FARRAM,fardata=FARRAM,nvFARRAM=FARRAM \
  -pintsave_regs=BIGRAM,bigbss=BIGRAM,bigdata=BIGRAM -pbss=RAM \
  -pidata=CODE,irdata=CODE,ibigdata=CODE,ifardata=CODE -prparam=COMRAM \
  C:\Users\Andres\AppData\Local\Temp\xcAson0.obj \
  dist/default/production\Laboratorio4.X.production.obj 

Object code version is 3.11

Machine type is 18F4550



                Name                               Link     Load   Length Selector   Space Scale
C:\Users\Andres\AppData\Local\Temp\xcAson0.obj
                idloc                            200000   200000        8        0       5
                config                           300000   300000        E        0       4
                init                                  E        E        4        4       0
                reset_vec                             0        0        4        0       0
dist/default/production\Laboratorio4.X.production.obj
                intcode                               8        8        6        4       0
                idloc                            200000   200000        8        0       5
                config                           300000   300000        E        0       4
                temp                                 4B       4B        1        1       1
                smallconst                          800      800       40      400       0
                text25                             18B6     18B6        E      420       0
                text24                             1576     1576       56      420       0
                text23                             1700     1700       46      420       0
                text22                             1894     1894       14      420       0
                text21                             186A     186A       16      420       0
                text20                             166C     166C       4E      420       0
                intcode_body                       136C     136C       7E      420       0
                text18                             13EA     13EA       7A      420       0
                text17                             18A8     18A8        E      420       0
                text16                             1520     1520       56      420       0
                text15                             16BA     16BA       46      420       0
                text14                             1854     1854       16      420       0
                text13                             1880     1880       14      420       0
                text12                             124E     124E       9C      420       0
                text11                             1134     1134      11A      420       0
                text10                             183E     183E       16      420       0
                text9                              161E     161E       4E      420       0
                text8                              1824     1824       1A      420       0
                text7                              1788     1788       3C      420       0
                text6                              12EA     12EA       82      420       0
                text5                              1464     1464       66      420       0
                text4                              14CA     14CA       56      420       0
                text3                              15CC     15CC       52      420       0
                text2                              1746     1746       42      420       0
                text1                              17FE     17FE       26      420       0
                text0                               840      840      8F4      420       0
                cstackCOMRAM                          1        1       24        1       1
                dataCOMRAM                           3F       3F        C        1       1
                bssCOMRAM                            25       25       1A        1       1
                cinit                              17C4     17C4       3A      420       0
                idataCOMRAM                        18C4     18C4        C      420       0

TOTAL           Name                               Link     Load   Length     Space
        CLASS   CODE           
                intcode                               8        8        6         0
                init                                  E        E        4         0
                reset_vec                             0        0        4         0
                text25                             18B6     18B6        E         0
                text24                             1576     1576       56         0
                text23                             1700     1700       46         0
                text22                             1894     1894       14         0
                text21                             186A     186A       16         0
                text20                             166C     166C       4E         0
                intcode_body                       136C     136C       7E         0
                text18                             13EA     13EA       7A         0
                text17                             18A8     18A8        E         0
                text16                             1520     1520       56         0
                text15                             16BA     16BA       46         0
                text14                             1854     1854       16         0
                text13                             1880     1880       14         0
                text12                             124E     124E       9C         0
                text11                             1134     1134      11A         0
                text10                             183E     183E       16         0
                text9                              161E     161E       4E         0
                text8                              1824     1824       1A         0
                text7                              1788     1788       3C         0
                text6                              12EA     12EA       82         0
                text5                              1464     1464       66         0
                text4                              14CA     14CA       56         0
                text3                              15CC     15CC       52         0
                text2                              1746     1746       42         0
                text1                              17FE     17FE       26         0
                text0                               840      840      8F4         0
                cinit                              17C4     17C4       3A         0
                idataCOMRAM                        18C4     18C4        C         0

        CLASS   CONST          

        CLASS   SMALLCONST     
                smallconst                          800      800       40         0

        CLASS   MEDIUMCONST    

        CLASS   COMRAM         
                temp                                 4B       4B        1         1
                cstackCOMRAM                          1        1       24         1
                dataCOMRAM                           3F       3F        C         1
                bssCOMRAM                            25       25       1A         1

        CLASS   ABS1           

        CLASS   BIGRAM         

        CLASS   RAM            

        CLASS   BANK0          

        CLASS   BANK1          

        CLASS   BANK2          

        CLASS   BANK3          

        CLASS   BANK4          

        CLASS   BANK5          

        CLASS   BANK6          

        CLASS   BANK7          

        CLASS   SFR            

        CLASS   BIGSFR         

        CLASS   CONFIG         
                config                           300000   300000        E         4

        CLASS   IDLOC          
                idloc                            200000   200000        8         5

        CLASS   EEDATA         

        CLASS   FARRAM         

        CLASS   HEAP           

        CLASS   STACK          



SEGMENTS        Name                           Load    Length   Top    Selector   Space  Class

                reset_vec                      000000  000004  000004         0       0  CODE    
                cstackCOMRAM                   000001  00004B  00004C         1       1  COMRAM  
                intcode                        000008  00000A  000012         4       0  CODE    
                smallconst                     000800  000040  000840       400       0  SMALLCON
                text0                          000840  001090  0018D0       420       0  CODE    


UNUSED ADDRESS RANGES

        Name                Unused          Largest block    Delta
        BANK0            000060-0000FF               A0
        BANK1            000100-0001FF              100
        BANK2            000200-0002FF              100
        BANK3            000300-0003FF              100
        BANK4            000400-0004FF              100
        BANK5            000500-0005FF              100
        BANK6            000600-0006FF              100
        BANK7            000700-0007FF              100
        BIGRAM           00004C-0007FF              7B4
        BIGSFR           000F60-000FFF               A0
        CODE             000004-000007                4
                         000012-0007FF              7EE
                         0018D0-007FFF             6730
        COMRAM           00004C-00005F               14
        CONST            000004-000007                4
                         000012-0007FF              7EE
                         0018D0-007FFF             6730
        EEDATA           F00000-F000FF              100
        MEDIUMCONST      0018D0-007FFF             6730
        RAM              000060-0007FF              100
        SFR              000F60-000FFF               A0
        SMALLCONST       0018D0-007FFF              100

                                  Symbol Table

?___lldiv                  cstackCOMRAM 00000E
?___llmod                  cstackCOMRAM 00000E
?___lmul                   cstackCOMRAM 00000E
?___lwdiv                  cstackCOMRAM 000014
?___lwmod                  cstackCOMRAM 00000E
?___wmul                   cstackCOMRAM 00000E
ComandoLCD@data            cstackCOMRAM 00000E
DireccionaLCD@a            cstackCOMRAM 000012
EnviaDato@a                cstackCOMRAM 000011
EscribeLCD_c@a             cstackCOMRAM 000012
MensajeLCD_Word@a          cstackCOMRAM 000013
MensajeLCD_Word@i          cstackCOMRAM 000015
NuevoCaracter@addr         cstackCOMRAM 000014
NuevoCaracter@c            cstackCOMRAM 000013
NuevoCaracter@i            cstackCOMRAM 000015
RetardoLCD@a               cstackCOMRAM 00000F
_ADCON1                    (abs)        000FC1
_BorraLCD                  text13       001880
_ColorRGB                  text18       0013EA
_ComandoLCD                text8        001824
_DireccionaLCD             text14       001854
_EnviaDato                 text15       0016BA
_EscribeLCD_c              text10       00183E
_GIE                       (abs)        007F97
_HabilitaLCD               text17       0018A8
_ISR                       intcode      000008
_InicializaLCD             text12       00124E
_LATB                      (abs)        000F8A
_LATC                      (abs)        000F8B
_LATD                      (abs)        000F8C
_LATE0                     (abs)        007C68
_LATE1                     (abs)        007C69
_LATE2                     (abs)        007C6A
_LeerTeclado               text11       001134
_MensajeLCD_Word           text9        00161E
_NuevoCaracter             text7        001788
_OSCCON                    (abs)        000FD3
_PD                        (abs)        007E82
_RB4                       (abs)        007C0C
_RB5                       (abs)        007C0D
_RB6                       (abs)        007C0E
_RB7                       (abs)        007C0F
_RBPU                      (abs)        007F8F
_RC6                       (abs)        007C16
_RI                        (abs)        007E84
_RetardoLCD                text16       001520
_T0CON                     (abs)        000FD5
_TMR0                      (abs)        000FD6
_TMR0IE                    (abs)        007F95
_TMR0IF                    (abs)        007F92
_TMR0ON                    (abs)        007EAF
_TO                        (abs)        007E83
_TRISB                     (abs)        000F93
_TRISC                     (abs)        000F94
_TRISD                     (abs)        000F95
_TRISE                     (abs)        000F96
_Tecla                     bssCOMRAM    00003A
__HRAM                     (abs)        000000
__Habs1                    abs1         000000
__Hbank0                   bank0        000000
__Hbank1                   bank1        000000
__Hbank2                   bank2        000000
__Hbank3                   bank3        000000
__Hbank4                   bank4        000000
__Hbank5                   bank5        000000
__Hbank6                   bank6        000000
__Hbank7                   bank7        000000
__Hbigbss                  bigbss       000000
__Hbigdata                 bigdata      000000
__Hbigram                  bigram       000000
__Hbigsfr                  bigsfr       000000
__Hbss                     bss          000000
__HbssCOMRAM               bssCOMRAM    000000
__Hcinit                   cinit        000000
__Hclrtext                 clrtext      000000
__Hcomram                  comram       000000
__Hconfig                  config       30000E
__Hconst                   const        000000
__HcstackCOMRAM            cstackCOMRAM 000000
__Hdata                    data         000000
__HdataCOMRAM              dataCOMRAM   000000
__Heeprom_data             eeprom_data  000000
__Hfarbss                  farbss       000000
__Hfardata                 fardata      000000
__Hheap                    heap         000000
__Hibigdata                ibigdata     000000
__Hidata                   idata        000000
__HidataCOMRAM             idataCOMRAM  000000
__Hidloc                   idloc        200008
__Hifardata                ifardata     000000
__Hinit                    init         000012
__Hintcode                 intcode      00000E
__Hintcode_body            intcode_body 000000
__Hintcodelo               intcodelo    00000E
__Hintentry                intentry     000000
__Hintret                  intret       000000
__Hintsave_regs            intsave_regs 000000
__Hirdata                  irdata       000000
__Hmediumconst             mediumconst  000000
__HnvFARRAM                nvFARRAM     000000
__Hnvbit                   nvbit        000000
__Hnvrram                  nvrram       000000
__Hparam                   rparam       000000
__Hpowerup                 powerup      00000E
__Hram                     ram          000000
__Hramtop                  ramtop       000800
__Hrbit                    rbit         000000
__Hrbss                    rbss         000000
__Hrdata                   rdata        000000
__Hreset_vec               reset_vec    000004
__Hrparam                  rparam       000000
__Hsfr                     sfr          000000
__Hsmallconst              smallconst   000840
__Hspace_0                 (abs)        0018D0
__Hspace_1                 (abs)        00004C
__Hspace_2                 (abs)        000000
__Hspace_4                 (abs)        60000E
__Hstack                   stack        000000
__Hstruct                  struct       000000
__Htemp                    temp         00004C
__Htext                    text         000000
__Htext0                   text0        000000
__Htext1                   text1        000000
__Htext10                  text10       000000
__Htext11                  text11       000000
__Htext12                  text12       000000
__Htext13                  text13       000000
__Htext14                  text14       000000
__Htext15                  text15       000000
__Htext16                  text16       000000
__Htext17                  text17       000000
__Htext18                  text18       000000
__Htext2                   text2        000000
__Htext20                  text20       000000
__Htext21                  text21       000000
__Htext22                  text22       000000
__Htext23                  text23       000000
__Htext24                  text24       000000
__Htext25                  text25       000000
__Htext3                   text3        000000
__Htext4                   text4        000000
__Htext5                   text5        000000
__Htext6                   text6        000000
__Htext7                   text7        000000
__Htext8                   text8        000000
__Htext9                   text9        000000
__LRAM                     (abs)        000001
__Labs1                    abs1         000000
__Lbank0                   bank0        000000
__Lbank1                   bank1        000000
__Lbank2                   bank2        000000
__Lbank3                   bank3        000000
__Lbank4                   bank4        000000
__Lbank5                   bank5        000000
__Lbank6                   bank6        000000
__Lbank7                   bank7        000000
__Lbigbss                  bigbss       000000
__Lbigdata                 bigdata      000000
__Lbigram                  bigram       000000
__Lbigsfr                  bigsfr       000000
__Lbss                     bss          000000
__LbssCOMRAM               bssCOMRAM    000000
__Lcinit                   cinit        000000
__Lclrtext                 clrtext      000000
__Lcomram                  comram       000000
__Lconfig                  config       000000
__Lconst                   const        000000
__LcstackCOMRAM            cstackCOMRAM 000000
__Ldata                    data         000000
__LdataCOMRAM              dataCOMRAM   000000
__Leeprom_data             eeprom_data  000000
__Lfarbss                  farbss       000000
__Lfardata                 fardata      000000
__Lheap                    heap         000000
__Libigdata                ibigdata     000000
__Lidata                   idata        000000
__LidataCOMRAM             idataCOMRAM  000000
__Lidloc                   idloc        000000
__Lifardata                ifardata     000000
__Linit                    init         00000E
__Lintcode                 intcode      000008
__Lintcode_body            intcode_body 000000
__Lintcodelo               intcodelo    00000E
__Lintentry                intentry     000000
__Lintret                  intret       000000
__Lintsave_regs            intsave_regs 000000
__Lirdata                  irdata       000000
__Lmediumconst             mediumconst  000000
__LnvFARRAM                nvFARRAM     000000
__Lnvbit                   nvbit        000000
__Lnvrram                  nvrram       000000
__Lparam                   rparam       000000
__Lpowerup                 powerup      00000E
__Lram                     ram          000000
__Lramtop                  ramtop       000800
__Lrbit                    rbit         000000
__Lrbss                    rbss         000000
__Lrdata                   rdata        000000
__Lreset_vec               reset_vec    000000
__Lrparam                  rparam       000000
__Lsfr                     sfr          000000
__Lsmallconst              smallconst   000800
__Lspace_0                 (abs)        000000
__Lspace_1                 (abs)        000000
__Lspace_2                 (abs)        000000
__Lspace_4                 (abs)        000000
__Lstack                   stack        000000
__Lstruct                  struct       000000
__Ltemp                    temp         00004B
__Ltext                    text         000000
__Ltext0                   text0        000000
__Ltext1                   text1        000000
__Ltext10                  text10       000000
__Ltext11                  text11       000000
__Ltext12                  text12       000000
__Ltext13                  text13       000000
__Ltext14                  text14       000000
__Ltext15                  text15       000000
__Ltext16                  text16       000000
__Ltext17                  text17       000000
__Ltext18                  text18       000000
__Ltext2                   text2        000000
__Ltext20                  text20       000000
__Ltext21                  text21       000000
__Ltext22                  text22       000000
__Ltext23                  text23       000000
__Ltext24                  text24       000000
__Ltext25                  text25       000000
__Ltext3                   text3        000000
__Ltext4                   text4        000000
__Ltext5                   text5        000000
__Ltext6                   text6        000000
__Ltext7                   text7        000000
__Ltext8                   text8        000000
__Ltext9                   text9        000000
__S0                       (abs)        0018D0
__S1                       (abs)        00004C
__S4                       (abs)        000000
__S5                       (abs)        000000
___heap_hi                 (abs)        000000
___heap_lo                 (abs)        000000
___inthi_sp                stack        000000
___intlo_sp                stack        000000
___lldiv                   text6        0012EA
___lldiv@counter           cstackCOMRAM 00001A
___lldiv@dividend          cstackCOMRAM 00000E
___lldiv@divisor           cstackCOMRAM 000012
___lldiv@quotient          cstackCOMRAM 000016
___llmod                   text5        001464
___llmod@counter           cstackCOMRAM 000016
___llmod@dividend          cstackCOMRAM 00000E
___llmod@divisor           cstackCOMRAM 000012
___lmul                    text4        0014CA
___lmul@multiplicand       cstackCOMRAM 000012
___lmul@multiplier         cstackCOMRAM 00000E
___lmul@product            cstackCOMRAM 000016
___lwdiv                   text3        0015CC
___lwdiv@counter           cstackCOMRAM 00001A
___lwdiv@dividend          cstackCOMRAM 000014
___lwdiv@divisor           cstackCOMRAM 000016
___lwdiv@quotient          cstackCOMRAM 000018
___lwmod                   text2        001746
___lwmod@counter           cstackCOMRAM 000012
___lwmod@dividend          cstackCOMRAM 00000E
___lwmod@divisor           cstackCOMRAM 000010
___param_bank              (abs)        000000
___rparam_used             (abs)        000001
___sp                      stack        000000
___wmul                    text1        0017FE
___wmul@multiplicand       cstackCOMRAM 000010
___wmul@multiplier         cstackCOMRAM 00000E
___wmul@product            cstackCOMRAM 000012
__accesstop                (abs)        000060
__activetblptr             (abs)        000002
__end_of_BorraLCD          text13       001894
__end_of_ColorRGB          text18       001464
__end_of_ComandoLCD        text8        00183E
__end_of_DireccionaLCD     text14       00186A
__end_of_EnviaDato         text15       001700
__end_of_EscribeLCD_c      text10       001854
__end_of_HabilitaLCD       text17       0018B6
__end_of_ISR               intcode_body 0013EA
__end_of_InicializaLCD     text12       0012EA
__end_of_LeerTeclado       text11       00124E
__end_of_MensajeLCD_Word   text9        00166C
__end_of_NuevoCaracter     text7        0017C4
__end_of_RetardoLCD        text16       001576
__end_of___lldiv           text6        00136C
__end_of___llmod           text5        0014CA
__end_of___lmul            text4        001520
__end_of___lwdiv           text3        00161E
__end_of___lwmod           text2        001788
__end_of___wmul            text1        001824
__end_of__initialization   cinit        0017F0
__end_of_main              text0        001134
__end_ofi2_BorraLCD        text22       0018A8
__end_ofi2_EnviaDato       text23       001746
__end_ofi2_EscribeLCD_c    text21       001880
__end_ofi2_HabilitaLCD     text25       0018C4
__end_ofi2_MensajeLCD_Word text20       0016BA
__end_ofi2_RetardoLCD      text24       0015CC
__initialization           cinit        0017C4
__mediumconst              mediumconst  000000
__pbssCOMRAM               bssCOMRAM    000025
__pcinit                   cinit        0017C4
__pcstackCOMRAM            cstackCOMRAM 000001
__pdataCOMRAM              dataCOMRAM   00003F
__pidataCOMRAM             idataCOMRAM  0018C4
__pintcode                 intcode      000008
__pintcode_body            intcode_body 00136C
__psmallconst              smallconst   000800
__ptext0                   text0        000840
__ptext1                   text1        0017FE
__ptext10                  text10       00183E
__ptext11                  text11       001134
__ptext12                  text12       00124E
__ptext13                  text13       001880
__ptext14                  text14       001854
__ptext15                  text15       0016BA
__ptext16                  text16       001520
__ptext17                  text17       0018A8
__ptext18                  text18       0013EA
__ptext2                   text2        001746
__ptext20                  text20       00166C
__ptext21                  text21       00186A
__ptext22                  text22       001894
__ptext23                  text23       001700
__ptext24                  text24       001576
__ptext25                  text25       0018B6
__ptext3                   text3        0015CC
__ptext4                   text4        0014CA
__ptext5                   text5        001464
__ptext6                   text6        0012EA
__ptext7                   text7        001788
__ptext8                   text8        001824
__ptext9                   text9        00161E
__ramtop                   ramtop       000800
__smallconst               smallconst   000800
_cara                      dataCOMRAM   000043
_color                     bssCOMRAM    000031
_contador                  bssCOMRAM    00002F
_flag                      bssCOMRAM    000039
_i                         bssCOMRAM    000033
_interfaz                  dataCOMRAM   000042
_m                         bssCOMRAM    00003B
_main                      text0        000840
_n1                        bssCOMRAM    000037
_n1c                       dataCOMRAM   000040
_n2                        bssCOMRAM    000035
_n2c                       dataCOMRAM   00003F
_op                        dataCOMRAM   000041
_partdecl                  bssCOMRAM    000029
_r                         bssCOMRAM    000025
_verificador               bssCOMRAM    00002D
btemp                      temp         00004B
end_of_initialization      cinit        0017F0
i2EnviaDato@a              cstackCOMRAM 000004
i2EscribeLCD_c@a           cstackCOMRAM 000005
i2MensajeLCD_Word@a        cstackCOMRAM 000006
i2MensajeLCD_Word@i        cstackCOMRAM 000008
i2RetardoLCD@a             cstackCOMRAM 000002
i2_BorraLCD                text22       001894
i2_EnviaDato               text23       001700
i2_EscribeLCD_c            text21       00186A
i2_HabilitaLCD             text25       0018B6
i2_MensajeLCD_Word         text20       00166C
i2_RetardoLCD              text24       001576
int$flags                  temp         00004B
int_func                   intcode_body 00136C
intlevel0                  text         000000
intlevel1                  text         000000
intlevel2                  text         000000
intlevel3                  text         000000
isa$std                    (abs)        000001
isa$xinst                  (abs)        000000
main@i                     cstackCOMRAM 000021
main@j                     cstackCOMRAM 000023
main@k                     cstackCOMRAM 00001F
stackhi                    (abs)        000000
stacklo                    (abs)        000000
start                      init         00000E
start_initialization       cinit        0017C4
ttemp5                     temp         00004C
ttemp6                     temp         00004F
ttemp7                     temp         000053
wtemp8                     temp         00004C


MODULE INFORMATION

Module		Function		Class		Link	Load	Size
LibLCDXC8.h
		_DireccionaLCD 		CODE           	1854	0000	22
		_InicializaLCD 		CODE           	124E	0000	156
		_EnviaDato     		CODE           	16BA	0000	70
		_EscribeLCD_c  		CODE           	183E	0000	22
		_HabilitaLCD   		CODE           	18A8	0000	14
		_BorraLCD      		CODE           	1880	0000	20
		_RetardoLCD    		CODE           	1520	0000	86
		_MensajeLCD_Word		CODE           	161E	0000	78
		_ComandoLCD    		CODE           	1824	0000	26
		_NuevoCaracter 		CODE           	1788	0000	60

LibLCDXC8.h estimated size: 554

C:\Program Files\Microchip\xc8\v2.40\pic\sources\c90\common\__lldiv.c
		___lldiv       		CODE           	12EA	0000	130

C:\Program Files\Microchip\xc8\v2.40\pic\sources\c90\common\__lldiv.c estimated size: 130

C:\Program Files\Microchip\xc8\v2.40\pic\sources\c90\common\Umul16.c
		___wmul        		CODE           	17FE	0000	38

C:\Program Files\Microchip\xc8\v2.40\pic\sources\c90\common\Umul16.c estimated size: 38

Laboratorio4.c
		_ColorRGB      		CODE           	13EA	0000	122
		_ISR           		CODE           	0008	0000	132
		_main          		CODE           	0840	0000	2292
		_LeerTeclado   		CODE           	1134	0000	282

Laboratorio4.c estimated size: 2828

C:\Program Files\Microchip\xc8\v2.40\pic\sources\c90\common\lwmod.c
		___lwmod       		CODE           	1746	0000	66

C:\Program Files\Microchip\xc8\v2.40\pic\sources\c90\common\lwmod.c estimated size: 66

shared
		i2_MensajeLCD_Word		CODE           	166C	0000	78
		i2_EscribeLCD_c		CODE           	186A	0000	22
		i2_EnviaDato   		CODE           	1700	0000	70
		__initialization		CODE           	17C4	0000	44
		i2_HabilitaLCD 		CODE           	18B6	0000	14
		i2_BorraLCD    		CODE           	1894	0000	20
		i2_RetardoLCD  		CODE           	1576	0000	86

shared estimated size: 334

C:\Program Files\Microchip\xc8\v2.40\pic\sources\c90\common\llmod.c
		___llmod       		CODE           	1464	0000	102

C:\Program Files\Microchip\xc8\v2.40\pic\sources\c90\common\llmod.c estimated size: 102

C:\Program Files\Microchip\xc8\v2.40\pic\sources\c90\common\Umul32.c
		___lmul        		CODE           	14CA	0000	86

C:\Program Files\Microchip\xc8\v2.40\pic\sources\c90\common\Umul32.c estimated size: 86

C:\Program Files\Microchip\xc8\v2.40\pic\sources\c90\common\lwdiv.c
		___lwdiv       		CODE           	15CC	0000	82

C:\Program Files\Microchip\xc8\v2.40\pic\sources\c90\common\lwdiv.c estimated size: 82

