Microchip MPLAB XC8 Compiler V2.40

Linker command line:

-W-3 \
  --edf=C:\Program Files\Microchip\xc8\v2.40\pic\dat\20220703182018_en.msgs \
  -cn -h+dist/default/production\Laboratorio4.X.production.sym \
  --cmf=dist/default/production\Laboratorio4.X.production.cmf -z -Q18F4550 \
  -oC:\Users\Andres\AppData\Local\Temp\xcAsnfg.4 \
  -Mdist/default/production/Laboratorio4.X.production.map \
  --md=C:\Users\Andres\AppData\Local\Temp\xcAsnfg.dat -E1 -ver=XC8 Compiler \
  -ACODE=00h-07FFFh -ACONST=00h-07FFFh -ASMALLCONST=0800h-08FFhx120 \
  -AMEDIUMCONST=0800h-07FFFh -ACOMRAM=01h-05Fh -AABS1=00h-07FFh \
  -ABIGRAM=01h-07FFh -ARAM=060h-0FFh,0100h-01FFhx7 -ABANK0=060h-0FFh \
  -ABANK1=0100h-01FFh -ABANK2=0200h-02FFh -ABANK3=0300h-03FFh \
  -ABANK4=0400h-04FFh -ABANK5=0500h-05FFh -ABANK6=0600h-06FFh \
  -ABANK7=0700h-07FFh -ASFR=0F60h-0FFFh -ABIGSFR=0F60h-0FFFh \
  -ACONFIG=0300000h-030000Dh -AIDLOC=0200000h-0200007h \
  -AEEDATA=0F00000h-0F000FFh -peeprom_data=EEDATA \
  -preset_vec=00h,intcode=08h,intcodelo,powerup,init -pramtop=0800h \
  -psmallconst=SMALLCONST -pmediumconst=MEDIUMCONST -pconst=CONST \
  -AFARRAM=00h-00h \
  -prdata=COMRAM,nvrram=COMRAM,nvbit=COMRAM,rbss=COMRAM,rbit=COMRAM \
  -pfarbss=FARRAM,fardata=FARRAM,nvFARRAM=FARRAM \
  -pintsave_regs=BIGRAM,bigbss=BIGRAM,bigdata=BIGRAM -pbss=RAM \
  -pidata=CODE,irdata=CODE,ibigdata=CODE,ifardata=CODE -prparam=COMRAM \
  C:\Users\Andres\AppData\Local\Temp\xcAsnfg.obj \
  dist/default/production\Laboratorio4.X.production.obj 

Object code version is 3.11

Machine type is 18F4550



                Name                               Link     Load   Length Selector   Space Scale
C:\Users\Andres\AppData\Local\Temp\xcAsnfg.obj
                idloc                            200000   200000        8        0       5
                config                           300000   300000        E        0       4
                init                                  E        E        4        4       0
                reset_vec                             0        0        4        0       0
dist/default/production\Laboratorio4.X.production.obj
                intcode                               8        8        6        4       0
                idloc                            200000   200000        8        0       5
                config                           300000   300000        E        0       4
                temp                                 43       43        1        1       1
                smallconst                          800      800       36      400       0
                text23                             17CE     17CE        E      41B       0
                text22                             14E4     14E4       56      41B       0
                text21                             166E     166E       46      41B       0
                text20                             17AC     17AC       14      41B       0
                text19                             1782     1782       16      41B       0
                text18                             15DA     15DA       4E      41B       0
                intcode_body                       12DA     12DA       7E      41B       0
                text16                             1358     1358       7A      41B       0
                text15                             17C0     17C0        E      41B       0
                text14                             148E     148E       56      41B       0
                text13                             1628     1628       46      41B       0
                text12                             176C     176C       16      41B       0
                text11                             1798     1798       14      41B       0
                text10                             11BC     11BC       9C      41B       0
                text9                              10A2     10A2      11A      41B       0
                text8                              1756     1756       16      41B       0
                text7                              158C     158C       4E      41B       0
                text6                              1258     1258       82      41B       0
                text5                              13D2     13D2       66      41B       0
                text4                              1438     1438       56      41B       0
                text3                              153A     153A       52      41B       0
                text2                              16B4     16B4       42      41B       0
                text1                              1730     1730       26      41B       0
                text0                               836      836      86C      41B       0
                cstackCOMRAM                          1        1       24        1       1
                dataCOMRAM                           3F       3F        4        1       1
                bssCOMRAM                            25       25       1A        1       1
                cinit                              16F6     16F6       3A      41B       0
                idataCOMRAM                        17DC     17DC        4      41B       0

TOTAL           Name                               Link     Load   Length     Space
        CLASS   CODE           
                intcode                               8        8        6         0
                init                                  E        E        4         0
                reset_vec                             0        0        4         0
                text23                             17CE     17CE        E         0
                text22                             14E4     14E4       56         0
                text21                             166E     166E       46         0
                text20                             17AC     17AC       14         0
                text19                             1782     1782       16         0
                text18                             15DA     15DA       4E         0
                intcode_body                       12DA     12DA       7E         0
                text16                             1358     1358       7A         0
                text15                             17C0     17C0        E         0
                text14                             148E     148E       56         0
                text13                             1628     1628       46         0
                text12                             176C     176C       16         0
                text11                             1798     1798       14         0
                text10                             11BC     11BC       9C         0
                text9                              10A2     10A2      11A         0
                text8                              1756     1756       16         0
                text7                              158C     158C       4E         0
                text6                              1258     1258       82         0
                text5                              13D2     13D2       66         0
                text4                              1438     1438       56         0
                text3                              153A     153A       52         0
                text2                              16B4     16B4       42         0
                text1                              1730     1730       26         0
                text0                               836      836      86C         0
                cinit                              16F6     16F6       3A         0
                idataCOMRAM                        17DC     17DC        4         0

        CLASS   CONST          

        CLASS   SMALLCONST     
                smallconst                          800      800       36         0

        CLASS   MEDIUMCONST    

        CLASS   COMRAM         
                temp                                 43       43        1         1
                cstackCOMRAM                          1        1       24         1
                dataCOMRAM                           3F       3F        4         1
                bssCOMRAM                            25       25       1A         1

        CLASS   ABS1           

        CLASS   BIGRAM         

        CLASS   RAM            

        CLASS   BANK0          

        CLASS   BANK1          

        CLASS   BANK2          

        CLASS   BANK3          

        CLASS   BANK4          

        CLASS   BANK5          

        CLASS   BANK6          

        CLASS   BANK7          

        CLASS   SFR            

        CLASS   BIGSFR         

        CLASS   CONFIG         
                config                           300000   300000        E         4

        CLASS   IDLOC          
                idloc                            200000   200000        8         5

        CLASS   EEDATA         

        CLASS   FARRAM         

        CLASS   HEAP           

        CLASS   STACK          



SEGMENTS        Name                           Load    Length   Top    Selector   Space  Class

                reset_vec                      000000  000004  000004         0       0  CODE    
                cstackCOMRAM                   000001  000043  000044         1       1  COMRAM  
                intcode                        000008  00000A  000012         4       0  CODE    
                smallconst                     000800  000036  000836       400       0  SMALLCON
                text0                          000836  000FAA  0017E0       41B       0  CODE    


UNUSED ADDRESS RANGES

        Name                Unused          Largest block    Delta
        BANK0            000060-0000FF               A0
        BANK1            000100-0001FF              100
        BANK2            000200-0002FF              100
        BANK3            000300-0003FF              100
        BANK4            000400-0004FF              100
        BANK5            000500-0005FF              100
        BANK6            000600-0006FF              100
        BANK7            000700-0007FF              100
        BIGRAM           000044-0007FF              7BC
        BIGSFR           000F60-000FFF               A0
        CODE             000004-000007                4
                         000012-0007FF              7EE
                         0017E0-007FFF             6820
        COMRAM           000044-00005F               1C
        CONST            000004-000007                4
                         000012-0007FF              7EE
                         0017E0-007FFF             6820
        EEDATA           F00000-F000FF              100
        MEDIUMCONST      0017E0-007FFF             6820
        RAM              000060-0007FF              100
        SFR              000F60-000FFF               A0
        SMALLCONST       0017E0-007FFF              100

                                  Symbol Table

?___lldiv                  cstackCOMRAM 00000E
?___llmod                  cstackCOMRAM 00000E
?___lmul                   cstackCOMRAM 00000E
?___lwdiv                  cstackCOMRAM 000014
?___lwmod                  cstackCOMRAM 00000E
?___wmul                   cstackCOMRAM 00000E
DireccionaLCD@a            cstackCOMRAM 000012
EnviaDato@a                cstackCOMRAM 000011
EscribeLCD_c@a             cstackCOMRAM 000012
MensajeLCD_Word@a          cstackCOMRAM 000013
MensajeLCD_Word@i          cstackCOMRAM 000015
RetardoLCD@a               cstackCOMRAM 00000F
_ADCON1                    (abs)        000FC1
_BorraLCD                  text11       001798
_ColorRGB                  text16       001358
_DireccionaLCD             text12       00176C
_EnviaDato                 text13       001628
_EscribeLCD_c              text8        001756
_GIE                       (abs)        007F97
_HabilitaLCD               text15       0017C0
_ISR                       intcode      000008
_InicializaLCD             text10       0011BC
_LATB                      (abs)        000F8A
_LATC                      (abs)        000F8B
_LATD                      (abs)        000F8C
_LATE0                     (abs)        007C68
_LATE1                     (abs)        007C69
_LATE2                     (abs)        007C6A
_LeerTeclado               text9        0010A2
_MensajeLCD_Word           text7        00158C
_OSCCON                    (abs)        000FD3
_PD                        (abs)        007E82
_RB4                       (abs)        007C0C
_RB5                       (abs)        007C0D
_RB6                       (abs)        007C0E
_RB7                       (abs)        007C0F
_RBPU                      (abs)        007F8F
_RC6                       (abs)        007C16
_RI                        (abs)        007E84
_RetardoLCD                text14       00148E
_T0CON                     (abs)        000FD5
_TMR0                      (abs)        000FD6
_TMR0IE                    (abs)        007F95
_TMR0IF                    (abs)        007F92
_TMR0ON                    (abs)        007EAF
_TO                        (abs)        007E83
_TRISB                     (abs)        000F93
_TRISC                     (abs)        000F94
_TRISD                     (abs)        000F95
_TRISE                     (abs)        000F96
_Tecla                     bssCOMRAM    00003A
__HRAM                     (abs)        000000
__Habs1                    abs1         000000
__Hbank0                   bank0        000000
__Hbank1                   bank1        000000
__Hbank2                   bank2        000000
__Hbank3                   bank3        000000
__Hbank4                   bank4        000000
__Hbank5                   bank5        000000
__Hbank6                   bank6        000000
__Hbank7                   bank7        000000
__Hbigbss                  bigbss       000000
__Hbigdata                 bigdata      000000
__Hbigram                  bigram       000000
__Hbigsfr                  bigsfr       000000
__Hbss                     bss          000000
__HbssCOMRAM               bssCOMRAM    000000
__Hcinit                   cinit        000000
__Hclrtext                 clrtext      000000
__Hcomram                  comram       000000
__Hconfig                  config       30000E
__Hconst                   const        000000
__HcstackCOMRAM            cstackCOMRAM 000000
__Hdata                    data         000000
__HdataCOMRAM              dataCOMRAM   000000
__Heeprom_data             eeprom_data  000000
__Hfarbss                  farbss       000000
__Hfardata                 fardata      000000
__Hheap                    heap         000000
__Hibigdata                ibigdata     000000
__Hidata                   idata        000000
__HidataCOMRAM             idataCOMRAM  000000
__Hidloc                   idloc        200008
__Hifardata                ifardata     000000
__Hinit                    init         000012
__Hintcode                 intcode      00000E
__Hintcode_body            intcode_body 000000
__Hintcodelo               intcodelo    00000E
__Hintentry                intentry     000000
__Hintret                  intret       000000
__Hintsave_regs            intsave_regs 000000
__Hirdata                  irdata       000000
__Hmediumconst             mediumconst  000000
__HnvFARRAM                nvFARRAM     000000
__Hnvbit                   nvbit        000000
__Hnvrram                  nvrram       000000
__Hparam                   rparam       000000
__Hpowerup                 powerup      00000E
__Hram                     ram          000000
__Hramtop                  ramtop       000800
__Hrbit                    rbit         000000
__Hrbss                    rbss         000000
__Hrdata                   rdata        000000
__Hreset_vec               reset_vec    000004
__Hrparam                  rparam       000000
__Hsfr                     sfr          000000
__Hsmallconst              smallconst   000836
__Hspace_0                 (abs)        0017E0
__Hspace_1                 (abs)        000044
__Hspace_2                 (abs)        000000
__Hspace_4                 (abs)        60000E
__Hstack                   stack        000000
__Hstruct                  struct       000000
__Htemp                    temp         000044
__Htext                    text         000000
__Htext0                   text0        000000
__Htext1                   text1        000000
__Htext10                  text10       000000
__Htext11                  text11       000000
__Htext12                  text12       000000
__Htext13                  text13       000000
__Htext14                  text14       000000
__Htext15                  text15       000000
__Htext16                  text16       000000
__Htext18                  text18       000000
__Htext19                  text19       000000
__Htext2                   text2        000000
__Htext20                  text20       000000
__Htext21                  text21       000000
__Htext22                  text22       000000
__Htext23                  text23       000000
__Htext3                   text3        000000
__Htext4                   text4        000000
__Htext5                   text5        000000
__Htext6                   text6        000000
__Htext7                   text7        000000
__Htext8                   text8        000000
__Htext9                   text9        000000
__LRAM                     (abs)        000001
__Labs1                    abs1         000000
__Lbank0                   bank0        000000
__Lbank1                   bank1        000000
__Lbank2                   bank2        000000
__Lbank3                   bank3        000000
__Lbank4                   bank4        000000
__Lbank5                   bank5        000000
__Lbank6                   bank6        000000
__Lbank7                   bank7        000000
__Lbigbss                  bigbss       000000
__Lbigdata                 bigdata      000000
__Lbigram                  bigram       000000
__Lbigsfr                  bigsfr       000000
__Lbss                     bss          000000
__LbssCOMRAM               bssCOMRAM    000000
__Lcinit                   cinit        000000
__Lclrtext                 clrtext      000000
__Lcomram                  comram       000000
__Lconfig                  config       000000
__Lconst                   const        000000
__LcstackCOMRAM            cstackCOMRAM 000000
__Ldata                    data         000000
__LdataCOMRAM              dataCOMRAM   000000
__Leeprom_data             eeprom_data  000000
__Lfarbss                  farbss       000000
__Lfardata                 fardata      000000
__Lheap                    heap         000000
__Libigdata                ibigdata     000000
__Lidata                   idata        000000
__LidataCOMRAM             idataCOMRAM  000000
__Lidloc                   idloc        000000
__Lifardata                ifardata     000000
__Linit                    init         00000E
__Lintcode                 intcode      000008
__Lintcode_body            intcode_body 000000
__Lintcodelo               intcodelo    00000E
__Lintentry                intentry     000000
__Lintret                  intret       000000
__Lintsave_regs            intsave_regs 000000
__Lirdata                  irdata       000000
__Lmediumconst             mediumconst  000000
__LnvFARRAM                nvFARRAM     000000
__Lnvbit                   nvbit        000000
__Lnvrram                  nvrram       000000
__Lparam                   rparam       000000
__Lpowerup                 powerup      00000E
__Lram                     ram          000000
__Lramtop                  ramtop       000800
__Lrbit                    rbit         000000
__Lrbss                    rbss         000000
__Lrdata                   rdata        000000
__Lreset_vec               reset_vec    000000
__Lrparam                  rparam       000000
__Lsfr                     sfr          000000
__Lsmallconst              smallconst   000800
__Lspace_0                 (abs)        000000
__Lspace_1                 (abs)        000000
__Lspace_2                 (abs)        000000
__Lspace_4                 (abs)        000000
__Lstack                   stack        000000
__Lstruct                  struct       000000
__Ltemp                    temp         000043
__Ltext                    text         000000
__Ltext0                   text0        000000
__Ltext1                   text1        000000
__Ltext10                  text10       000000
__Ltext11                  text11       000000
__Ltext12                  text12       000000
__Ltext13                  text13       000000
__Ltext14                  text14       000000
__Ltext15                  text15       000000
__Ltext16                  text16       000000
__Ltext18                  text18       000000
__Ltext19                  text19       000000
__Ltext2                   text2        000000
__Ltext20                  text20       000000
__Ltext21                  text21       000000
__Ltext22                  text22       000000
__Ltext23                  text23       000000
__Ltext3                   text3        000000
__Ltext4                   text4        000000
__Ltext5                   text5        000000
__Ltext6                   text6        000000
__Ltext7                   text7        000000
__Ltext8                   text8        000000
__Ltext9                   text9        000000
__S0                       (abs)        0017E0
__S1                       (abs)        000044
__S4                       (abs)        000000
__S5                       (abs)        000000
___heap_hi                 (abs)        000000
___heap_lo                 (abs)        000000
___inthi_sp                stack        000000
___intlo_sp                stack        000000
___lldiv                   text6        001258
___lldiv@counter           cstackCOMRAM 00001A
___lldiv@dividend          cstackCOMRAM 00000E
___lldiv@divisor           cstackCOMRAM 000012
___lldiv@quotient          cstackCOMRAM 000016
___llmod                   text5        0013D2
___llmod@counter           cstackCOMRAM 000016
___llmod@dividend          cstackCOMRAM 00000E
___llmod@divisor           cstackCOMRAM 000012
___lmul                    text4        001438
___lmul@multiplicand       cstackCOMRAM 000012
___lmul@multiplier         cstackCOMRAM 00000E
___lmul@product            cstackCOMRAM 000016
___lwdiv                   text3        00153A
___lwdiv@counter           cstackCOMRAM 00001A
___lwdiv@dividend          cstackCOMRAM 000014
___lwdiv@divisor           cstackCOMRAM 000016
___lwdiv@quotient          cstackCOMRAM 000018
___lwmod                   text2        0016B4
___lwmod@counter           cstackCOMRAM 000012
___lwmod@dividend          cstackCOMRAM 00000E
___lwmod@divisor           cstackCOMRAM 000010
___param_bank              (abs)        000000
___rparam_used             (abs)        000001
___sp                      stack        000000
___wmul                    text1        001730
___wmul@multiplicand       cstackCOMRAM 000010
___wmul@multiplier         cstackCOMRAM 00000E
___wmul@product            cstackCOMRAM 000012
__accesstop                (abs)        000060
__activetblptr             (abs)        000002
__end_of_BorraLCD          text11       0017AC
__end_of_ColorRGB          text16       0013D2
__end_of_DireccionaLCD     text12       001782
__end_of_EnviaDato         text13       00166E
__end_of_EscribeLCD_c      text8        00176C
__end_of_HabilitaLCD       text15       0017CE
__end_of_ISR               intcode_body 001358
__end_of_InicializaLCD     text10       001258
__end_of_LeerTeclado       text9        0011BC
__end_of_MensajeLCD_Word   text7        0015DA
__end_of_RetardoLCD        text14       0014E4
__end_of___lldiv           text6        0012DA
__end_of___llmod           text5        001438
__end_of___lmul            text4        00148E
__end_of___lwdiv           text3        00158C
__end_of___lwmod           text2        0016F6
__end_of___wmul            text1        001756
__end_of__initialization   cinit        001722
__end_of_main              text0        0010A2
__end_ofi2_BorraLCD        text20       0017C0
__end_ofi2_EnviaDato       text21       0016B4
__end_ofi2_EscribeLCD_c    text19       001798
__end_ofi2_HabilitaLCD     text23       0017DC
__end_ofi2_MensajeLCD_Word text18       001628
__end_ofi2_RetardoLCD      text22       00153A
__initialization           cinit        0016F6
__mediumconst              mediumconst  000000
__pbssCOMRAM               bssCOMRAM    000025
__pcinit                   cinit        0016F6
__pcstackCOMRAM            cstackCOMRAM 000001
__pdataCOMRAM              dataCOMRAM   00003F
__pidataCOMRAM             idataCOMRAM  0017DC
__pintcode                 intcode      000008
__pintcode_body            intcode_body 0012DA
__psmallconst              smallconst   000800
__ptext0                   text0        000836
__ptext1                   text1        001730
__ptext10                  text10       0011BC
__ptext11                  text11       001798
__ptext12                  text12       00176C
__ptext13                  text13       001628
__ptext14                  text14       00148E
__ptext15                  text15       0017C0
__ptext16                  text16       001358
__ptext18                  text18       0015DA
__ptext19                  text19       001782
__ptext2                   text2        0016B4
__ptext20                  text20       0017AC
__ptext21                  text21       00166E
__ptext22                  text22       0014E4
__ptext23                  text23       0017CE
__ptext3                   text3        00153A
__ptext4                   text4        001438
__ptext5                   text5        0013D2
__ptext6                   text6        001258
__ptext7                   text7        00158C
__ptext8                   text8        001756
__ptext9                   text9        0010A2
__ramtop                   ramtop       000800
__smallconst               smallconst   000800
_color                     bssCOMRAM    000031
_contador                  bssCOMRAM    00002F
_flag                      bssCOMRAM    000039
_i                         bssCOMRAM    000033
_interfaz                  dataCOMRAM   000042
_m                         bssCOMRAM    00003B
_main                      text0        000836
_n1                        bssCOMRAM    000037
_n1c                       dataCOMRAM   000040
_n2                        bssCOMRAM    000035
_n2c                       dataCOMRAM   00003F
_op                        dataCOMRAM   000041
_partdecl                  bssCOMRAM    000029
_r                         bssCOMRAM    000025
_verificador               bssCOMRAM    00002D
btemp                      temp         000043
end_of_initialization      cinit        001722
i2EnviaDato@a              cstackCOMRAM 000004
i2EscribeLCD_c@a           cstackCOMRAM 000005
i2MensajeLCD_Word@a        cstackCOMRAM 000006
i2MensajeLCD_Word@i        cstackCOMRAM 000008
i2RetardoLCD@a             cstackCOMRAM 000002
i2_BorraLCD                text20       0017AC
i2_EnviaDato               text21       00166E
i2_EscribeLCD_c            text19       001782
i2_HabilitaLCD             text23       0017CE
i2_MensajeLCD_Word         text18       0015DA
i2_RetardoLCD              text22       0014E4
int$flags                  temp         000043
int_func                   intcode_body 0012DA
intlevel0                  text         000000
intlevel1                  text         000000
intlevel2                  text         000000
intlevel3                  text         000000
isa$std                    (abs)        000001
isa$xinst                  (abs)        000000
main@i                     cstackCOMRAM 000021
main@j                     cstackCOMRAM 000023
main@k                     cstackCOMRAM 00001F
stackhi                    (abs)        000000
stacklo                    (abs)        000000
start                      init         00000E
start_initialization       cinit        0016F6
ttemp5                     temp         000044
ttemp6                     temp         000047
ttemp7                     temp         00004B
wtemp8                     temp         000044


MODULE INFORMATION

Module		Function		Class		Link	Load	Size
LibLCDXC8.h
		_DireccionaLCD 		CODE           	176C	0000	22
		_InicializaLCD 		CODE           	11BC	0000	156
		_EnviaDato     		CODE           	1628	0000	70
		_EscribeLCD_c  		CODE           	1756	0000	22
		_HabilitaLCD   		CODE           	17C0	0000	14
		_BorraLCD      		CODE           	1798	0000	20
		_RetardoLCD    		CODE           	148E	0000	86
		_MensajeLCD_Word		CODE           	158C	0000	78

LibLCDXC8.h estimated size: 468

C:\Program Files\Microchip\xc8\v2.40\pic\sources\c90\common\__lldiv.c
		___lldiv       		CODE           	1258	0000	130

C:\Program Files\Microchip\xc8\v2.40\pic\sources\c90\common\__lldiv.c estimated size: 130

C:\Program Files\Microchip\xc8\v2.40\pic\sources\c90\common\Umul16.c
		___wmul        		CODE           	1730	0000	38

C:\Program Files\Microchip\xc8\v2.40\pic\sources\c90\common\Umul16.c estimated size: 38

Laboratorio4.c
		_ColorRGB      		CODE           	1358	0000	122
		_ISR           		CODE           	0008	0000	132
		_main          		CODE           	0836	0000	2156
		_LeerTeclado   		CODE           	10A2	0000	282

Laboratorio4.c estimated size: 2692

C:\Program Files\Microchip\xc8\v2.40\pic\sources\c90\common\lwmod.c
		___lwmod       		CODE           	16B4	0000	66

C:\Program Files\Microchip\xc8\v2.40\pic\sources\c90\common\lwmod.c estimated size: 66

shared
		i2_MensajeLCD_Word		CODE           	15DA	0000	78
		i2_EscribeLCD_c		CODE           	1782	0000	22
		i2_EnviaDato   		CODE           	166E	0000	70
		__initialization		CODE           	16F6	0000	44
		i2_HabilitaLCD 		CODE           	17CE	0000	14
		i2_BorraLCD    		CODE           	17AC	0000	20
		i2_RetardoLCD  		CODE           	14E4	0000	86

shared estimated size: 334

C:\Program Files\Microchip\xc8\v2.40\pic\sources\c90\common\llmod.c
		___llmod       		CODE           	13D2	0000	102

C:\Program Files\Microchip\xc8\v2.40\pic\sources\c90\common\llmod.c estimated size: 102

C:\Program Files\Microchip\xc8\v2.40\pic\sources\c90\common\Umul32.c
		___lmul        		CODE           	1438	0000	86

C:\Program Files\Microchip\xc8\v2.40\pic\sources\c90\common\Umul32.c estimated size: 86

C:\Program Files\Microchip\xc8\v2.40\pic\sources\c90\common\lwdiv.c
		___lwdiv       		CODE           	153A	0000	82

C:\Program Files\Microchip\xc8\v2.40\pic\sources\c90\common\lwdiv.c estimated size: 82

